{
  "totalRoutes": 95,
  "routes": [
    "DELETE:/v1/missions/{missionId}/members/{membershipId}",
    "GET:/health",
    "GET:/healthz",
    "GET:/metrics",
    "GET:/prometheus",
    "GET:/v1/admin/compliance/program-templates",
    "GET:/v1/admin/control-plane/load-balancing",
    "GET:/v1/admin/governance/leadership-claims",
    "GET:/v1/admin/inventories/benchmarks",
    "GET:/v1/admin/inventories/deployments",
    "GET:/v1/admin/inventories/projections",
    "GET:/v1/admin/inventories/schema",
    "GET:/v1/admin/judges",
    "GET:/v1/agents",
    "GET:/v1/approvals",
    "GET:/v1/artifacts/publishes",
    "GET:/v1/dashboard/metrics",
    "GET:/v1/dashboard/snapshot",
    "GET:/v1/divisions",
    "GET:/v1/domains"
  ]
}