{
  "openapi": "3.1.0",
  "info": {
    "title": "Automatic Agent API",
    "version": "0.1.0"
  },
  "pathCount": 87,
  "pathKeys": [
    "/health",
    "/healthz",
    "/metrics",
    "/prometheus",
    "/v1/admin/compliance/program-templates",
    "/v1/admin/control-plane/load-balancing",
    "/v1/admin/control-plane/load-balancing/select",
    "/v1/admin/governance/leadership-claims",
    "/v1/admin/governance/leadership-claims/review-requests",
    "/v1/admin/governance/leadership-claims/review-requests/{requestId}/approve",
    "/v1/admin/governance/leadership-claims/review-requests/{requestId}/reject",
    "/v1/admin/governance/leadership-claims/{claimId}/revoke",
    "/v1/admin/inventories/benchmarks",
    "/v1/admin/inventories/deployments",
    "/v1/admin/inventories/projections",
    "/v1/admin/inventories/schema",
    "/v1/admin/judges",
    "/v1/agents",
    "/v1/approvals",
    "/v1/approvals/{approvalId}/decision",
    "/v1/artifacts/bundles/preview",
    "/v1/artifacts/bundles/publish",
    "/v1/artifacts/publishes",
    "/v1/auth/token",
    "/v1/dashboard/metrics",
    "/v1/dashboard/snapshot",
    "/v1/divisions",
    "/v1/domains",
    "/v1/domains/{domainId}",
    "/v1/domains/{domainId}/plugins",
    "/v1/explanations",
    "/v1/gateway/messages/send",
    "/v1/gateway/targets",
    "/v1/gateway/targets/resolve",
    "/v1/knowledge",
    "/v1/knowledge/graph",
    "/v1/knowledge/namespaces",
    "/v1/knowledge/query",
    "/v1/knowledge/semantic/inspect",
    "/v1/knowledge/{namespace}/inspect",
    "/v1/marketplace",
    "/v1/meta/contract-version",
    "/v1/metrics",
    "/v1/mission-resolutions:dry-run",
    "/v1/missions",
    "/v1/missions/{missionId}",
    "/v1/missions/{missionId}/budget",
    "/v1/missions/{missionId}/evidence",
    "/v1/missions/{missionId}/members",
    "/v1/missions/{missionId}/members/{membershipId}",
    "/v1/missions/{missionId}/runs",
    "/v1/missions/{missionId}/tasks",
    "/v1/missions/{missionId}:activate",
    "/v1/missions/{missionId}:archive",
    "/v1/missions/{missionId}:complete",
    "/v1/missions/{missionId}:freeze",
    "/v1/missions/{missionId}:pause",
    "/v1/missions/{missionId}:resume",
    "/v1/missions/{missionId}:unfreeze",
    "/v1/openapi.json",
    "/v1/packs/{packId}/versions",
    "/v1/plugins",
    "/v1/queues",
    "/v1/tasks",
    "/v1/tasks/{taskId}",
    "/v1/tasks/{taskId}/events",
    "/v1/tasks/{taskId}/inspect",
    "/v1/webhooks/{endpointId}/receive",
    "/v1/workbench/snapshot",
    "/v1/workers",
    "/v1/workflows",
    "/v1/workflows/builder",
    "/v1/yono/markets",
    "/v1/yono/markets/{marketId}",
    "/v1/yono/markets/{marketId}/close",
    "/v1/yono/markets/{marketId}/comments",
    "/v1/yono/markets/{marketId}/consensus",
    "/v1/yono/markets/{marketId}/disputes",
    "/v1/yono/markets/{marketId}/forecasts",
    "/v1/yono/markets/{marketId}/open",
    "/v1/yono/markets/{marketId}/pause",
    "/v1/yono/markets/{marketId}/resolution-draft",
    "/v1/yono/markets/{marketId}/resolve",
    "/v1/yono/markets/{marketId}/review",
    "/v1/yono/orders",
    "/v1/yono/positions",
    "/v1/yono/trades"
  ]
}