{
  "totalContracts": 37,
  "contractNames": [
    "TaskDraft",
    "ConfirmedTaskSpec",
    "RequestEnvelope",
    "HarnessRun",
    "PlanGraphBundle",
    "PlanGraph",
    "PlanNode",
    "PlanEdge",
    "GraphPatch",
    "GraphPatchOperation",
    "NodeRun",
    "NodeAttempt",
    "AttemptLineage",
    "NodeAttemptReceipt",
    "SideEffectRecord",
    "ReconciliationRecord",
    "CompensationRecord",
    "BudgetLedger",
    "BudgetReservation",
    "BudgetSettlement",
    "RunVersionLock",
    "ArtifactVersionLockSet",
    "DecisionInputBundle",
    "HarnessDecision",
    "HumanResponsibilityRecord",
    "EventEnvelope",
    "PlatformFactEvent",
    "OapeflirViewEvent",
    "EventAppendCommand",
    "AuditAppendCommand",
    "ArtifactWriteCommand",
    "UserConfirmationReceipt",
    "RiskPreview",
    "PrincipalRef",
    "ArtifactRef",
    "BudgetIntent",
    "ReadyNodeSchedulingPolicy"
  ]
}