{
  "openapi": "3.1.0",
  "info": {
    "title": "Automatic Agent API",
    "version": "0.1.0"
  },
  "pathKeys": [
    "/health",
    "/healthz",
    "/metrics",
    "/prometheus",
    "/v1/admin/control-plane/load-balancing",
    "/v1/admin/control-plane/load-balancing/select",
    "/v1/approvals",
    "/v1/approvals/{approvalId}/decision",
    "/v1/artifacts/bundles/preview",
    "/v1/artifacts/bundles/publish",
    "/v1/artifacts/publishes",
    "/v1/auth/token",
    "/v1/dashboard/snapshot",
    "/v1/divisions",
    "/v1/domains",
    "/v1/domains/{domainId}",
    "/v1/domains/{domainId}/plugins",
    "/v1/gateway/messages/send",
    "/v1/gateway/targets",
    "/v1/gateway/targets/resolve",
    "/v1/knowledge/graph",
    "/v1/knowledge/namespaces",
    "/v1/knowledge/query",
    "/v1/knowledge/semantic/inspect",
    "/v1/knowledge/{namespace}/inspect",
    "/v1/metrics",
    "/v1/openapi.json",
    "/v1/plugins",
    "/v1/tasks",
    "/v1/tasks/{taskId}",
    "/v1/tasks/{taskId}/events",
    "/v1/tasks/{taskId}/inspect"
  ]
}
